// Jest Snapshot v1, https://goo.gl/fbAQLP

exports[`Matches snapshot 1`] = `
<a
  className="button"
  data-testid="button"
>
  <span>
    Get Offer
  </span>
</a>
`;
